26-06-03 22:52:50.529 [cluster-ClusterId{value='6a2050018629e514ec47f555', description='null'}-ac-tkvevuv-shard-00-01.2wfvvt9.mongodb.net:27017] INFO  org.mongodb.driver.cluster - Exception in monitor thread while connecting to server ac-tkvevuv-shard-00-01.2wfvvt9.mongodb.net:27017 
com.mongodb.MongoSocketReadTimeoutException: Timeout while receiving message
	at com.mongodb.internal.connection.InternalStreamConnection.translateReadException(InternalStreamConnection.java:696)
	at com.mongodb.internal.connection.InternalStreamConnection.receiveMessageWithAdditionalTimeout(InternalStreamConnection.java:574)
	at com.mongodb.internal.connection.InternalStreamConnection.receiveCommandMessageResponse(InternalStreamConnection.java:410)
	at com.mongodb.internal.connection.InternalStreamConnection.receive(InternalStreamConnection.java:369)
	at com.mongodb.internal.connection.DefaultServerMonitor$ServerMonitorRunnable.lookupServerDescription(DefaultServerMonitor.java:221)
	at com.mongodb.internal.connection.DefaultServerMonitor$ServerMonitorRunnable.run(DefaultServerMonitor.java:157)
	at java.base/java.lang.Thread.run(Thread.java:1583)
Caused by: java.net.SocketTimeoutException: Read timed out
	at java.base/sun.nio.ch.NioSocketImpl.timedRead(NioSocketImpl.java:278)
	at java.base/sun.nio.ch.NioSocketImpl.implRead(NioSocketImpl.java:304)
	at java.base/sun.nio.ch.NioSocketImpl.read(NioSocketImpl.java:346)
	at java.base/sun.nio.ch.NioSocketImpl$1.read(NioSocketImpl.java:796)
	at java.base/java.net.Socket$SocketInputStream.read(Socket.java:1099)
	at java.base/sun.security.ssl.SSLSocketInputRecord.read(SSLSocketInputRecord.java:489)
	at java.base/sun.security.ssl.SSLSocketInputRecord.readHeader(SSLSocketInputRecord.java:483)
	at java.base/sun.security.ssl.SSLSocketInputRecord.bytesInCompletePacket(SSLSocketInputRecord.java:70)
	at java.base/sun.security.ssl.SSLSocketImpl.readApplicationRecord(SSLSocketImpl.java:1461)
	at java.base/sun.security.ssl.SSLSocketImpl$AppInputStream.read(SSLSocketImpl.java:1066)
	at com.mongodb.internal.connection.SocketStream.read(SocketStream.java:110)
	at com.mongodb.internal.connection.SocketStream.read(SocketStream.java:135)
	at com.mongodb.internal.connection.InternalStreamConnection.receiveResponseBuffers(InternalStreamConnection.java:713)
	at com.mongodb.internal.connection.InternalStreamConnection.receiveMessageWithAdditionalTimeout(InternalStreamConnection.java:571)
	... 5 common frames omitted
26-06-03 22:52:50.533 [cluster-ClusterId{value='6a2050018629e514ec47f555', description='null'}-ac-tkvevuv-shard-00-02.2wfvvt9.mongodb.net:27017] INFO  org.mongodb.driver.cluster - Exception in monitor thread while connecting to server ac-tkvevuv-shard-00-02.2wfvvt9.mongodb.net:27017 
com.mongodb.MongoSocketReadTimeoutException: Timeout while receiving message
	at com.mongodb.internal.connection.InternalStreamConnection.translateReadException(InternalStreamConnection.java:696)
	at com.mongodb.internal.connection.InternalStreamConnection.receiveMessageWithAdditionalTimeout(InternalStreamConnection.java:574)
	at com.mongodb.internal.connection.InternalStreamConnection.receiveCommandMessageResponse(InternalStreamConnection.java:410)
	at com.mongodb.internal.connection.InternalStreamConnection.receive(InternalStreamConnection.java:369)
	at com.mongodb.internal.connection.DefaultServerMonitor$ServerMonitorRunnable.lookupServerDescription(DefaultServerMonitor.java:221)
	at com.mongodb.internal.connection.DefaultServerMonitor$ServerMonitorRunnable.run(DefaultServerMonitor.java:157)
	at java.base/java.lang.Thread.run(Thread.java:1583)
Caused by: java.net.SocketTimeoutException: Read timed out
	at java.base/sun.nio.ch.NioSocketImpl.timedRead(NioSocketImpl.java:278)
	at java.base/sun.nio.ch.NioSocketImpl.implRead(NioSocketImpl.java:304)
	at java.base/sun.nio.ch.NioSocketImpl.read(NioSocketImpl.java:346)
	at java.base/sun.nio.ch.NioSocketImpl$1.read(NioSocketImpl.java:796)
	at java.base/java.net.Socket$SocketInputStream.read(Socket.java:1099)
	at java.base/sun.security.ssl.SSLSocketInputRecord.read(SSLSocketInputRecord.java:489)
	at java.base/sun.security.ssl.SSLSocketInputRecord.readHeader(SSLSocketInputRecord.java:483)
	at java.base/sun.security.ssl.SSLSocketInputRecord.bytesInCompletePacket(SSLSocketInputRecord.java:70)
	at java.base/sun.security.ssl.SSLSocketImpl.readApplicationRecord(SSLSocketImpl.java:1461)
	at java.base/sun.security.ssl.SSLSocketImpl$AppInputStream.read(SSLSocketImpl.java:1066)
	at com.mongodb.internal.connection.SocketStream.read(SocketStream.java:110)
	at com.mongodb.internal.connection.SocketStream.read(SocketStream.java:135)
	at com.mongodb.internal.connection.InternalStreamConnection.receiveResponseBuffers(InternalStreamConnection.java:713)
	at com.mongodb.internal.connection.InternalStreamConnection.receiveMessageWithAdditionalTimeout(InternalStreamConnection.java:571)
	... 5 common frames omitted
26-06-03 22:52:50.538 [cluster-ClusterId{value='6a2050018629e514ec47f555', description='null'}-ac-tkvevuv-shard-00-00.2wfvvt9.mongodb.net:27017] INFO  org.mongodb.driver.cluster - Exception in monitor thread while connecting to server ac-tkvevuv-shard-00-00.2wfvvt9.mongodb.net:27017 
com.mongodb.MongoSocketReadTimeoutException: Timeout while receiving message
	at com.mongodb.internal.connection.InternalStreamConnection.translateReadException(InternalStreamConnection.java:696)
	at com.mongodb.internal.connection.InternalStreamConnection.receiveMessageWithAdditionalTimeout(InternalStreamConnection.java:574)
	at com.mongodb.internal.connection.InternalStreamConnection.receiveCommandMessageResponse(InternalStreamConnection.java:410)
	at com.mongodb.internal.connection.InternalStreamConnection.receive(InternalStreamConnection.java:369)
	at com.mongodb.internal.connection.DefaultServerMonitor$ServerMonitorRunnable.lookupServerDescription(DefaultServerMonitor.java:221)
	at com.mongodb.internal.connection.DefaultServerMonitor$ServerMonitorRunnable.run(DefaultServerMonitor.java:157)
	at java.base/java.lang.Thread.run(Thread.java:1583)
Caused by: java.net.SocketTimeoutException: Read timed out
	at java.base/sun.nio.ch.NioSocketImpl.timedRead(NioSocketImpl.java:278)
	at java.base/sun.nio.ch.NioSocketImpl.implRead(NioSocketImpl.java:304)
	at java.base/sun.nio.ch.NioSocketImpl.read(NioSocketImpl.java:346)
	at java.base/sun.nio.ch.NioSocketImpl$1.read(NioSocketImpl.java:796)
	at java.base/java.net.Socket$SocketInputStream.read(Socket.java:1099)
	at java.base/sun.security.ssl.SSLSocketInputRecord.read(SSLSocketInputRecord.java:489)
	at java.base/sun.security.ssl.SSLSocketInputRecord.readHeader(SSLSocketInputRecord.java:483)
	at java.base/sun.security.ssl.SSLSocketInputRecord.bytesInCompletePacket(SSLSocketInputRecord.java:70)
	at java.base/sun.security.ssl.SSLSocketImpl.readApplicationRecord(SSLSocketImpl.java:1461)
	at java.base/sun.security.ssl.SSLSocketImpl$AppInputStream.read(SSLSocketImpl.java:1066)
	at com.mongodb.internal.connection.SocketStream.read(SocketStream.java:110)
	at com.mongodb.internal.connection.SocketStream.read(SocketStream.java:135)
	at com.mongodb.internal.connection.InternalStreamConnection.receiveResponseBuffers(InternalStreamConnection.java:713)
	at com.mongodb.internal.connection.InternalStreamConnection.receiveMessageWithAdditionalTimeout(InternalStreamConnection.java:571)
	... 5 common frames omitted
26-06-03 22:52:54.402 [cluster-ClusterId{value='6a2050018629e514ec47f555', description='null'}-ac-tkvevuv-shard-00-01.2wfvvt9.mongodb.net:27017] INFO  org.mongodb.driver.connection - Opened connection [connectionId{localValue:35, serverValue:292406}] to ac-tkvevuv-shard-00-01.2wfvvt9.mongodb.net:27017 
26-06-03 22:52:54.402 [cluster-ClusterId{value='6a2050018629e514ec47f555', description='null'}-ac-tkvevuv-shard-00-00.2wfvvt9.mongodb.net:27017] INFO  org.mongodb.driver.connection - Opened connection [connectionId{localValue:33, serverValue:292966}] to ac-tkvevuv-shard-00-00.2wfvvt9.mongodb.net:27017 
26-06-03 22:52:54.427 [cluster-ClusterId{value='6a2050018629e514ec47f555', description='null'}-ac-tkvevuv-shard-00-02.2wfvvt9.mongodb.net:27017] INFO  org.mongodb.driver.connection - Opened connection [connectionId{localValue:34, serverValue:319193}] to ac-tkvevuv-shard-00-02.2wfvvt9.mongodb.net:27017 
26-06-03 22:52:54.436 [cluster-ClusterId{value='6a2050018629e514ec47f555', description='null'}-ac-tkvevuv-shard-00-00.2wfvvt9.mongodb.net:27017] INFO  org.mongodb.driver.cluster - Monitor thread successfully connected to server with description ServerDescription{address=ac-tkvevuv-shard-00-00.2wfvvt9.mongodb.net:27017, type=REPLICA_SET_SECONDARY, state=CONNECTED, ok=true, minWireVersion=0, maxWireVersion=25, maxDocumentSize=16777216, logicalSessionTimeoutMinutes=30, roundTripTimeNanos=2364670300, setName='atlas-azlc8l-shard-0', canonicalAddress=ac-tkvevuv-shard-00-00.2wfvvt9.mongodb.net:27017, hosts=[ac-tkvevuv-shard-00-00.2wfvvt9.mongodb.net:27017, ac-tkvevuv-shard-00-02.2wfvvt9.mongodb.net:27017, ac-tkvevuv-shard-00-01.2wfvvt9.mongodb.net:27017], passives=[], arbiters=[], primary='ac-tkvevuv-shard-00-02.2wfvvt9.mongodb.net:27017', tagSet=TagSet{[Tag{name='availabilityZone', value='euw1-az2'}, Tag{name='cacheState', value='READY'}, Tag{name='diskState', value='READY'}, Tag{name='nodeType', value='ELECTABLE'}, Tag{name='provider', value='AWS'}, Tag{name='region', value='EU_WEST_1'}, Tag{name='workloadType', value='OPERATIONAL'}]}, electionId=null, setVersion=49, topologyVersion=TopologyVersion{processId=6a173937ce104076b302827f, counter=4}, lastWriteDate=Wed Jun 03 22:52:54 IST 2026, lastUpdateTimeNanos=179058891292600} 
26-06-03 22:52:54.436 [cluster-ClusterId{value='6a2050018629e514ec47f555', description='null'}-ac-tkvevuv-shard-00-02.2wfvvt9.mongodb.net:27017] INFO  org.mongodb.driver.cluster - Monitor thread successfully connected to server with description ServerDescription{address=ac-tkvevuv-shard-00-02.2wfvvt9.mongodb.net:27017, type=REPLICA_SET_PRIMARY, state=CONNECTED, ok=true, minWireVersion=0, maxWireVersion=25, maxDocumentSize=16777216, logicalSessionTimeoutMinutes=30, roundTripTimeNanos=2394131200, setName='atlas-azlc8l-shard-0', canonicalAddress=ac-tkvevuv-shard-00-02.2wfvvt9.mongodb.net:27017, hosts=[ac-tkvevuv-shard-00-00.2wfvvt9.mongodb.net:27017, ac-tkvevuv-shard-00-02.2wfvvt9.mongodb.net:27017, ac-tkvevuv-shard-00-01.2wfvvt9.mongodb.net:27017], passives=[], arbiters=[], primary='ac-tkvevuv-shard-00-02.2wfvvt9.mongodb.net:27017', tagSet=TagSet{[Tag{name='availabilityZone', value='euw1-az1'}, Tag{name='cacheState', value='READY'}, Tag{name='diskState', value='READY'}, Tag{name='nodeType', value='ELECTABLE'}, Tag{name='provider', value='AWS'}, Tag{name='region', value='EU_WEST_1'}, Tag{name='workloadType', value='OPERATIONAL'}]}, electionId=7fffffff0000000000000164, setVersion=49, topologyVersion=TopologyVersion{processId=6a17383e9ac1754d85a54e74, counter=6}, lastWriteDate=Wed Jun 03 22:52:54 IST 2026, lastUpdateTimeNanos=179058920749700} 
26-06-03 22:52:54.444 [cluster-ClusterId{value='6a2050018629e514ec47f555', description='null'}-ac-tkvevuv-shard-00-02.2wfvvt9.mongodb.net:27017] INFO  org.mongodb.driver.cluster - Discovered replica set primary ac-tkvevuv-shard-00-02.2wfvvt9.mongodb.net:27017 
26-06-03 22:52:54.436 [cluster-ClusterId{value='6a2050018629e514ec47f555', description='null'}-ac-tkvevuv-shard-00-01.2wfvvt9.mongodb.net:27017] INFO  org.mongodb.driver.cluster - Monitor thread successfully connected to server with description ServerDescription{address=ac-tkvevuv-shard-00-01.2wfvvt9.mongodb.net:27017, type=REPLICA_SET_SECONDARY, state=CONNECTED, ok=true, minWireVersion=0, maxWireVersion=25, maxDocumentSize=16777216, logicalSessionTimeoutMinutes=30, roundTripTimeNanos=2364670700, setName='atlas-azlc8l-shard-0', canonicalAddress=ac-tkvevuv-shard-00-01.2wfvvt9.mongodb.net:27017, hosts=[ac-tkvevuv-shard-00-00.2wfvvt9.mongodb.net:27017, ac-tkvevuv-shard-00-02.2wfvvt9.mongodb.net:27017, ac-tkvevuv-shard-00-01.2wfvvt9.mongodb.net:27017], passives=[], arbiters=[], primary='ac-tkvevuv-shard-00-02.2wfvvt9.mongodb.net:27017', tagSet=TagSet{[Tag{name='availabilityZone', value='euw1-az3'}, Tag{name='cacheState', value='READY'}, Tag{name='diskState', value='READY'}, Tag{name='nodeType', value='ELECTABLE'}, Tag{name='provider', value='AWS'}, Tag{name='region', value='EU_WEST_1'}, Tag{name='workloadType', value='OPERATIONAL'}]}, electionId=null, setVersion=49, topologyVersion=TopologyVersion{processId=6a173a9ae8cae516c810b2e0, counter=3}, lastWriteDate=Wed Jun 03 22:52:54 IST 2026, lastUpdateTimeNanos=179058891292500} 
